Archive member included because of file (symbol)

build\libvuengine.a(crt0.o)   (_start)
build\libvuengine.a(Game.o)   C:/vbde/samples/vuengine/capitan-sevilla/lib/compiler/setupClasses.o (_Game_setVTable)
build\libvuengine.a(Error.o)  C:/vbde/samples/vuengine/capitan-sevilla/lib/compiler/setupClasses.o (_Error_setVTable)
build\libvuengine.a(FrameRate.o)
                              C:/vbde/samples/vuengine/capitan-sevilla/lib/compiler/setupClasses.o (_FrameRate_setVTable)
build\libvuengine.a(I18n.o)   C:/vbde/samples/vuengine/capitan-sevilla/lib/compiler/setupClasses.o (_I18n_setVTable)
build\libvuengine.a(VirtualNode.o)
                              C:/vbde/samples/vuengine/capitan-sevilla/lib/compiler/setupClasses.o (_VirtualNode_setVTable)
build\libvuengine.a(VirtualList.o)
                              C:/vbde/samples/vuengine/capitan-sevilla/lib/compiler/setupClasses.o (_VirtualList_setVTable)
build\libvuengine.a(State.o)  build/tools/./source/objects/actors/Hero/states/HeroState.o (_State_getBaseClass)
build\libvuengine.a(Clock.o)  build\libvuengine.a(Game.o) (_Clock_destructor)
build\libvuengine.a(Object.o)
                              build/tools/./source/components/ProgressManager.o (_Object_getBaseClass)
build\libvuengine.a(MemoryPool.o)
                              C:/vbde/samples/vuengine/capitan-sevilla/lib/compiler/setupClasses.o (_MemoryPool_setVTable)
build\libvuengine.a(ClockManager.o)
                              C:/vbde/samples/vuengine/capitan-sevilla/lib/compiler/setupClasses.o (_ClockManager_setVTable)
build\libvuengine.a(MessageDispatcher.o)
                              C:/vbde/samples/vuengine/capitan-sevilla/lib/compiler/setupClasses.o (_MessageDispatcher_setVTable)
build\libvuengine.a(Telegram.o)
                              C:/vbde/samples/vuengine/capitan-sevilla/lib/compiler/setupClasses.o (_Telegram_setVTable)
build\libvuengine.a(StateMachine.o)
                              build\libvuengine.a(Game.o) (_StateMachine_handleMessage)
build\libvuengine.a(Mem.o)    build/tools/./source/components/PostProcessingEffects.o (_memcpy)
build\libvuengine.a(Utilities.o)
                              build\libvuengine.a(Game.o) (_Utilities_setClock)
build\libvuengine.a(Math.o)   build/tools/./source/components/PostProcessingEffects.o (_Math_squareRoot)
build\libvuengine.a(CameraEffectManager.o)
                              build/tools/./source/components/CustomCameraEffectManager.o (_CameraEffectManager_getBaseClass)
build\libvuengine.a(CameraMovementManager.o)
                              build/tools/./source/components/CustomCameraMovementManager.o (_CameraMovementManager_getBaseClass)
build\libvuengine.a(Camera.o)
                              C:/vbde/samples/vuengine/capitan-sevilla/lib/compiler/setupClasses.o (_Camera_setVTable)
build\libvuengine.a(Printing.o)
                              C:/vbde/samples/vuengine/capitan-sevilla/lib/compiler/setupClasses.o (_Printing_setVTable)
build\libvuengine.a(SpriteManager.o)
                              C:/vbde/samples/vuengine/capitan-sevilla/lib/compiler/setupClasses.o (_SpriteManager_setVTable)
build\libvuengine.a(Sprite.o)
                              build/tools/./source/components/graphics/HbiasMaskMBgmapSprite.o (_Sprite_show)
build\libvuengine.a(AnimationCoordinator.o)
                              C:/vbde/samples/vuengine/capitan-sevilla/lib/compiler/setupClasses.o (_AnimationCoordinator_setVTable)
build\libvuengine.a(AnimationController.o)
                              C:/vbde/samples/vuengine/capitan-sevilla/lib/compiler/setupClasses.o (_AnimationController_setVTable)
build\libvuengine.a(AnimationCoordinatorFactory.o)
                              C:/vbde/samples/vuengine/capitan-sevilla/lib/compiler/setupClasses.o (_AnimationCoordinatorFactory_setVTable)
build\libvuengine.a(BgmapSprite.o)
                              build/tools/./source/components/graphics/HbiasMaskMBgmapSprite.o (_BgmapSprite_getScale)
build\libvuengine.a(ParamTableManager.o)
                              C:/vbde/samples/vuengine/capitan-sevilla/lib/compiler/setupClasses.o (_ParamTableManager_setVTable)
build\libvuengine.a(BgmapAnimationCoordinator.o)
                              C:/vbde/samples/vuengine/capitan-sevilla/lib/compiler/setupClasses.o (_BgmapAnimationCoordinator_setVTable)
build\libvuengine.a(MBgmapSprite.o)
                              build/tools/./source/components/graphics/HbiasMaskMBgmapSprite.o (_MBgmapSprite_getBaseClass)
build\libvuengine.a(BgmapAnimatedSprite.o)
                              build/tools/./source/components/graphics/GUISprite.o (_BgmapAnimatedSprite_getBaseClass)
build\libvuengine.a(ObjectSpriteContainer.o)
                              C:/vbde/samples/vuengine/capitan-sevilla/lib/compiler/setupClasses.o (_ObjectSpriteContainer_setVTable)
build\libvuengine.a(ObjectAnimatedSprite.o)
                              build\libvuengine.a(AnimationCoordinatorFactory.o) (_ObjectAnimatedSprite_getBaseClass)
[...]
Memory Configuration

Name             Origin             Length             Attributes
wram             0x05000000         0x00010000         !r
dram             0x0003a000         0x00003800         !r
sram             0x06000000         0x01000000         !r
rom              0x07000000         0x01000000         xr
*default*        0x00000000         0xffffffff

Linker script and memory map

LOAD build/tools/./source/globals.o
LOAD build/tools/./source/game.o
LOAD build/tools/./source/components/ProgressManager.o
LOAD build/tools/./source/components/AffineTransformations.o
LOAD build/tools/./source/components/PostProcessingEffects.o
LOAD build/tools/./source/components/HbiasEffects.o
LOAD build/tools/./source/components/EventManager.o
LOAD build/tools/./source/components/CustomCameraEffectManager.o
LOAD build/tools/./source/components/CameraTriggerEntity.o
LOAD build/tools/./source/components/CustomCameraMovementManager.o
LOAD build/tools/./source/components/graphics/HbiasMaskMBgmapSprite.o
LOAD build/tools/./source/components/graphics/GUISprite.o
LOAD build/tools/./source/objects/actors/Hero/Hero.o
LOAD build/tools/./source/objects/actors/Hero/states/HeroState.o
LOAD build/tools/./source/objects/actors/Hero/states/HeroMoving.o
LOAD build/tools/./source/objects/actors/Hero/states/HeroIdle.o
LOAD build/tools/./source/objects/actors/MovingEntity/MovingEntity.o
LOAD build/tools/./source/objects/elements/Collision/Collision.o
LOAD build/tools/./source/objects/elements/Collision/CollisionDefinition.o
LOAD build/tools/./source/objects/elements/Door/Door.o
LOAD build/tools/./source/objects/elements/Door/LayerSwitchDoor.o
LOAD build/tools/./source/objects/elements/Door/GoalDoor.o
LOAD build/tools/./source/objects/elements/Door/KeyDoor.o
LOAD build/tools/./source/objects/elements/Gui/Gui.o
LOAD build/tools/./source/objects/items/Collectable/Collectable.o
LOAD build/tools/./source/objects/items/Item/Item.o
LOAD build/tools/./source/states/AutoPauseScreenState/AutoPauseScreenState.o
LOAD build/tools/./source/states/LevelDoneScreenState/LevelDoneScreenState.o
LOAD build/tools/./source/states/OptionsScreenState/OptionsScreenState.o
LOAD build/tools/./source/states/PauseScreenState/PauseScreenState.o
LOAD build/tools/./source/states/PlatformerLevelState/PlatformerLevelState.o
LOAD build/tools/./source/states/SplashScreens/AdjustmentScreenState/AdjustmentScreenState.o
LOAD build/tools/./source/states/SplashScreens/AutoPauseSelectScreenState/AutoPauseSelectScreenState.o
LOAD build/tools/./source/states/SplashScreens/LangSelectScreenState/LangSelectScreenState.o
LOAD build/tools/./source/states/SplashScreens/PrecautionScreenState/PrecautionScreenState.o
LOAD build/tools/./source/states/SplashScreens/SplashScreenState/SplashScreenState.o
LOAD build/tools/./source/states/TitleScreenState/TitleScreenState.o
LOAD build/tools/./assets/data/ColumnTable.o
LOAD build/tools/./assets/fonts/Fonts.o
LOAD build/tools/./assets/images/AdjustmentScreen/Binary/AdjustmentScreenVUEngineIcon.o
LOAD build/tools/./assets/images/AdjustmentScreen/Binary/AdjustmentScreenVUEngineLogo.o
LOAD build/tools/./assets/images/AdjustmentScreen/Binary/AdjustmentScreenVUEngineBG.o
LOAD build/tools/./assets/images/AdjustmentScreen/Definition/AdjustmentScreenVUEngineBGDefinition.o
LOAD build/tools/./assets/images/AdjustmentScreen/Definition/AdjustmentScreenVUEngineIconDefinition.o
LOAD build/tools/./assets/images/AdjustmentScreen/Definition/AdjustmentScreenVUEngineLogoDefinition.o
LOAD build/tools/./assets/images/Buildings/Binary/Barberia1.o
LOAD build/tools/./assets/images/Buildings/Binary/House5Black.o
LOAD build/tools/./assets/images/Buildings/Binary/House4.o
LOAD build/tools/./assets/images/Buildings/Binary/House1Black.o
LOAD build/tools/./assets/images/Buildings/Binary/House2.o
LOAD build/tools/./assets/images/Buildings/Binary/Wall1.o
LOAD build/tools/./assets/images/Buildings/Binary/House5.o
LOAD build/tools/./assets/images/Buildings/Binary/House6Black.o
LOAD build/tools/./assets/images/Buildings/Binary/House1.o
LOAD build/tools/./assets/images/Buildings/Binary/House3.o
LOAD build/tools/./assets/images/Buildings/Binary/House3Black.o
LOAD build/tools/./assets/images/Buildings/Binary/Garage1Black.o
LOAD build/tools/./assets/images/Buildings/Binary/Barberia1Black.o
LOAD build/tools/./assets/images/Buildings/Binary/House4Black.o
LOAD build/tools/./assets/images/Buildings/Binary/Garage2.o
LOAD build/tools/./assets/images/Buildings/Binary/Playground1.o
LOAD build/tools/./assets/images/Buildings/Binary/Garage1.o
LOAD build/tools/./assets/images/Buildings/Binary/House2Black.o
LOAD build/tools/./assets/images/Buildings/Binary/House6.o
LOAD build/tools/./assets/images/Buildings/Binary/Wall1Black.o
LOAD build/tools/./assets/images/Buildings/Definition/House4Definition.o
LOAD build/tools/./assets/images/Buildings/Definition/House6Definition.o
LOAD build/tools/./assets/images/Buildings/Definition/Garage2Definition.o
LOAD build/tools/./assets/images/Buildings/Definition/Playground1Definition.o
LOAD build/tools/./assets/images/Buildings/Definition/Wall1Definition.o
LOAD build/tools/./assets/images/Buildings/Definition/House2Definition.o
LOAD build/tools/./assets/images/Buildings/Definition/Garage1Definition.o
LOAD build/tools/./assets/images/Buildings/Definition/House3Definition.o
LOAD build/tools/./assets/images/Buildings/Definition/House1Definition.o
LOAD build/tools/./assets/images/Buildings/Definition/Barberia1Definition.o
LOAD build/tools/./assets/images/Buildings/Definition/House5Definition.o
LOAD build/tools/./assets/images/CityBackground/Binary/CityBackgroundB.o
LOAD build/tools/./assets/images/CityBackground/Binary/CityBackgroundA.o
LOAD build/tools/./assets/images/CityBackground/Definition/CityBgDefinition.o
LOAD build/tools/./assets/images/CityFloor/Binary/CityFloor.o
LOAD build/tools/./assets/images/CityFloor/Definition/CityFloorDefinition.o
LOAD build/tools/./assets/images/Decoration/Binary/PlaygroundSign1.o
LOAD build/tools/./assets/images/Decoration/Binary/Bike1.o
LOAD build/tools/./assets/images/Decoration/Binary/BushBg1.o
LOAD build/tools/./assets/images/Decoration/Binary/Lantern1.o
LOAD build/tools/./assets/images/Decoration/Binary/TreeBg1.o
LOAD build/tools/./assets/images/Decoration/Binary/Motorbike1.o
LOAD build/tools/./assets/images/Decoration/Binary/CarBg1.o
LOAD build/tools/./assets/images/Decoration/Binary/Bench1.o
LOAD build/tools/./assets/images/Decoration/Binary/TrashBin1.o
LOAD build/tools/./assets/images/Decoration/Binary/PlaygroundSign1Black.o
LOAD build/tools/./assets/images/Decoration/Binary/Fence2.o
LOAD build/tools/./assets/images/Decoration/Binary/BushBg2.o
LOAD build/tools/./assets/images/Decoration/Binary/Car1.o
LOAD build/tools/./assets/images/Decoration/Binary/Clothes1.o
LOAD build/tools/./assets/images/Decoration/Binary/Container1.o
LOAD build/tools/./assets/images/Decoration/Binary/Fence1.o
LOAD build/tools/./assets/images/Decoration/Binary/Lantern1Black.o
LOAD build/tools/./assets/images/Decoration/Binary/Statue1.o
LOAD build/tools/./assets/images/Decoration/Binary/Thing1.o
LOAD build/tools/./assets/images/Decoration/Binary/Tree1.o
LOAD build/tools/./assets/images/Decoration/Definition/Thing1Definition.o
LOAD build/tools/./assets/images/Decoration/Definition/Tree1Definition.o
LOAD build/tools/./assets/images/Decoration/Definition/Clothes1Definition.o
LOAD build/tools/./assets/images/Decoration/Definition/Container1Definition.o
LOAD build/tools/./assets/images/Decoration/Definition/Statue1Definition.o
LOAD build/tools/./assets/images/Decoration/Definition/Bike1Definition.o
LOAD build/tools/./assets/images/Decoration/Definition/PlaygroundSign1Definition.o
LOAD build/tools/./assets/images/Decoration/Definition/Fence2Definition.o
LOAD build/tools/./assets/images/Decoration/Definition/BushBg1Definition.o
LOAD build/tools/./assets/images/Decoration/Definition/Fence1Definition.o
LOAD build/tools/./assets/images/Decoration/Definition/Lantern1Definition.o
LOAD build/tools/./assets/images/Decoration/Definition/TrashBin1Definition.o
LOAD build/tools/./assets/images/Decoration/Definition/BushBg2Definition.o
LOAD build/tools/./assets/images/Decoration/Definition/Bench1Definition.o
LOAD build/tools/./assets/images/Decoration/Definition/TreeBg1Definition.o
LOAD build/tools/./assets/images/Decoration/Definition/Motorbike1Definition.o
LOAD build/tools/./assets/images/Decoration/Definition/Car1Definition.o
LOAD build/tools/./assets/images/Decoration/Definition/CarBg1Definition.o
LOAD build/tools/./assets/images/Fonts/Binary/FontDefault.o
LOAD build/tools/./assets/images/Fonts/Definition/FontDefaultDefinition.o
LOAD build/tools/./assets/images/Gui/Binary/Gui.o
LOAD build/tools/./assets/images/Gui/Definition/GuiDefinition.o
LOAD build/tools/./assets/images/Hero/Binary/HeroBlack.o
LOAD build/tools/./assets/images/Hero/Binary/Hero.o
LOAD build/tools/./assets/images/Hero/Definition/HeroDefinition.o
LOAD build/tools/./assets/images/TitleScreen/Binary/TitleCapitanBlack.o
LOAD build/tools/./assets/images/TitleScreen/Binary/TitleEarth.o
LOAD build/tools/./assets/images/TitleScreen/Binary/TitleLogo.o
LOAD build/tools/./assets/images/TitleScreen/Binary/TitleCapitan.o
LOAD build/tools/./assets/images/TitleScreen/Binary/TitleSubTitle.o
LOAD build/tools/./assets/images/TitleScreen/Binary/TitleLogoBlack.o
LOAD build/tools/./assets/images/TitleScreen/Definition/TitleEarthDefinition.o
LOAD build/tools/./assets/images/TitleScreen/Definition/TitleSubTitleDefinition.o
LOAD build/tools/./assets/images/TitleScreen/Definition/TitleCapitanDefinition.o
LOAD build/tools/./assets/images/TitleScreen/Definition/TitleLogoDefinition.o
LOAD build/tools/./assets/languages/Language_DE.o
LOAD build/tools/./assets/languages/Language_ES.o
LOAD build/tools/./assets/languages/Languages.o
LOAD build/tools/./assets/languages/Language_FR.o
LOAD build/tools/./assets/languages/Language_EN.o
LOAD build/tools/./assets/levels/Level1Definition.o
LOAD build/tools/./assets/sounds/CollectDefinition.o
LOAD build/tools/./assets/sounds/BGM1Definition.o
LOAD build/tools/./assets/sounds/JumpDefinition.o
LOAD build/tools/./assets/sounds/FireDefinition.o
LOAD build/tools/./assets/sounds/BGM2Definition.o
LOAD build/tools/./assets/stages/Level1/Definition/Level1MainStageDefinition.o
LOAD build/tools/./assets/stages/Various/Definition/TitleScreenStageDefinition.o
LOAD build/tools/./assets/stages/Various/Definition/EmptyStageDefinition.o
LOAD build/tools/./assets/stages/Various/Definition/AdjustmentScreenStageDefinition.o
LOAD build/tools/./assets/stages/Various/Definition/PauseScreenStageDefinition.o
LOAD C:/vbde/samples/vuengine/capitan-sevilla/lib/compiler/setupClasses.o
LOAD c:/vbde/system/msys32/v810/v810-win32/bin/../lib/gcc/v810/4.7.4/../../../../v810/lib\libm.a
LOAD build\libvuengine.a
LOAD c:/vbde/system/msys32/v810/v810-win32/bin/../lib/gcc/v810/4.7.4\libgcc.a
START GROUP
LOAD c:/vbde/system/msys32/v810/v810-win32/bin/../lib/gcc/v810/4.7.4/../../../../v810/lib\libc.a
LOAD c:/vbde/system/msys32/v810/v810-win32/bin/../lib/gcc/v810/4.7.4\libgcc.a
END GROUP
LOAD c:/vbde/system/msys32/v810/v810-win32/bin/../lib/gcc/v810/4.7.4\libgcc.a
TARGET(elf32-v810)
                0x07000000                __text_vma = ORIGIN (rom)
                0x05000000                __data_vma = ORIGIN (wram)
                0x06000000                __sram_vma = ORIGIN (sram)
                0x0003a000                __dram_vma = ORIGIN (dram)
                0x0500ffc0                __stack = ((ORIGIN (wram) + 0x10000) - 0x40)

.text           0x07000000    0x5523c
                0x07000000                PROVIDE (__tp, .)
 *(.text*)
 .text          0x07000000        0x0 build/tools/./source/globals.o
 .text          0x07000000        0x0 build/tools/./source/game.o
 .text.startup  0x07000000       0x2c build/tools/./source/game.o
                0x07000000                _main
 .text          0x0700002c      0xfec build/tools/./source/components/ProgressManager.o
                0x0700002c                _ProgressManager_getBaseClass
                0x07000038                _ProgressManager_getClassName
                0x07000080                _ProgressManager_destructor
                0x070001c4                _ProgressManager_setVTable
                0x07000584                _ProgressManager_getObjectSize
                0x0700058c                _ProgressManager_checkVTable
                0x070007a8                _ProgressManager_getInstance
                0x070007d0                _ProgressManager_resetHeroState
                0x070007dc                _ProgressManager_resetCurrentLevelProgress
                0x07000810                _ProgressManager_verifySaveStamp
                0x07000860                _ProgressManager_computeChecksum
                0x070008c4                _ProgressManager_writeChecksum
                0x0700093c                _ProgressManager_verifyChecksum
                0x070009bc                _ProgressManager_clearProgress
                0x070009e4                _ProgressManager_hasProgress
                0x07000a20                _ProgressManager_setCheckPointData
                0x07000a4c                _ProgressManager_loadCheckPointData
                0x07000a78                _ProgressManager_getCurrentLevelNumberOfCollectedCoins
                0x07000aa4                _ProgressManager_getCurrentLevelBestTime
                0x07000aac                _ProgressManager_getTotalNumberOfCollectedCoins
                0x07000aec                _ProgressManager_getLanguage
                0x07000b28                _ProgressManager_setLanguage
                0x07000bc4                _ProgressManager_getAutomaticPauseStatus
                0x07000c00                _ProgressManager_setAutomaticPauseStatus
                0x07000ca0                _ProgressManager_getCoinStatus
                0x07000ccc                _ProgressManager_setCoinStatus
                0x07000d10                _ProgressManager_getItemStatus
                0x07000d34                _ProgressManager_setItemStatus
                0x07000d6c                _ProgressManager_loadLevelStatus
                0x07000e0c                _ProgressManager_persistLevelStatus
                0x07000ff8                _ProgressManager_getHeroCurrentEnergy
                0x07001000                _ProgressManager_getHeroCurrentPowerUp
                0x07001008                _ProgressManager_heroHasKey
                0x07001010                _ProgressManager_getCurrentLevelTime
 .text          0x07001018        0x0 build/tools/./source/components/AffineTransformations.o
 .text          0x07001018     0x2030 build/tools/./source/components/PostProcessingEffects.o
                0x07001018                _PostProcessingEffects_waterStream
                0x070012f8                _PostProcessingEffects_calculateRainPrecipitation
                0x070014e0                _PostProcessingEffects_rain
                0x070016c0                _PostProcessingEffects_waterFall
                0x070017f0                _PostProcessingEffects_waterFall20x100
                0x07001940                _PostProcessingEffects_applyMask
                0x070019f4                _PostProcessingEffects_ellipticalWindow
                0x07001cd4                _PostProcessingEffects_lantern
                0x07001e88                _PostProcessingEffects_wobble
                0x070020b8                _PostProcessingEffects_tiltScreen
                0x0700224c                _PostProcessingEffects_dwarfPlanet
                0x0700263c                _PostProcessingEffects_lightingTest
                0x07002b9c                _PostProcessingEffects_writeToFrameBuffer
                0x07002bc0                _PostProcessingEffects_drawRhombus
                0x07002d6c                _PostProcessingEffects_rhombusEmitter
                0x07002e68                _PostProcessingEffects_dummy
 .text          0x07003048       0xc0 build/tools/./source/components/HbiasEffects.o
                0x07003048                _HbiasEffects_wave
 .text          0x07003108      0x330 build/tools/./source/components/EventManager.o
                0x07003108                _EventManager_getBaseClass
                0x07003114                _EventManager_getClassName
                0x07003120                _EventManager_destructor
                0x0700313c                _EventManager_setVTable
                0x070031f0                _EventManager_getObjectSize
                0x070031f4                _EventManager_checkVTable
                0x07003410                _EventManager_getInstance
 .text          0x07003438      0x6b4 build/tools/./source/components/CustomCameraEffectManager.o
                0x07003438                _CustomCameraEffectManager_getBaseClass
                0x07003444                _CustomCameraEffectManager_getClassName
                0x07003450                _CustomCameraEffectManager_handleMessage
                0x07003558                _CustomCameraEffectManager_destructor
                0x07003574                _CustomCameraEffectManager_setVTable
                0x0700362c                _CustomCameraEffectManager_startEffect
                0x0700375c                _CustomCameraEffectManager_stopEffect
                0x070037cc                _CustomCameraEffectManager_getObjectSize
                0x070037d4                _CustomCameraEffectManager_checkVTable
                0x07003a90                _CustomCameraEffectManager_getInstance
                0x07003ab8                _CustomCameraEffectManager_FXShakeStop
                0x07003ac0                _CustomCameraEffectManager_FXScreenPulsateStop
 .text          0x07003aec      0x5b0 build/tools/./source/components/CameraTriggerEntity.o
                0x07003aec                _CameraTriggerEntity_getBaseClass
                0x07003af8                _CameraTriggerEntity_getClassName
                0x07003b04                _CameraTriggerEntity_transform
                0x07003b6c                _CameraTriggerEntity_destructor
                0x07003b98                _CameraTriggerEntity_setVTable
                0x07003e4c                _CameraTriggerEntity_getObjectSize
                0x07003e54                _CameraTriggerEntity_checkVTable
                0x07003f38                _CameraTriggerEntity_new
                0x07003fc4                _CameraTriggerEntity_constructor
                0x07004000                _CameraTriggerEntity_setOverridePositionFlag
                0x07004094                _CameraTriggerEntity_getOverridePositionFlag
 .text          0x0700409c      0x88c build/tools/./source/components/CustomCameraMovementManager.o
                0x0700409c                _CustomCameraMovementManager_getBaseClass
                0x070040a8                _CustomCameraMovementManager_getClassName
                0x070040b4                _CustomCameraMovementManager_focus
                0x0700447c                _CustomCameraMovementManager_destructor
                0x07004498                _CustomCameraMovementManager_setVTable
                0x07004604                _CustomCameraMovementManager_getObjectSize
                0x0700460c                _CustomCameraMovementManager_checkVTable
                0x07004878                _CustomCameraMovementManager_getInstance
                0x070048a0                _CustomCameraMovementManager_setPositionFlag
                0x070048a8                _CustomCameraMovementManager_getPositionFlag
                0x070048b0                _CustomCameraMovementManager_enable
                0x070048bc                _CustomCameraMovementManager_disable
                0x070048d8                _CustomCameraMovementManager_enableFocusEasing
                0x070048ec                _CustomCameraMovementManager_disableFocusEasing
                0x07004900                _CustomCameraMovementManager_alertWhenTargetFocused
                0x0700491c                _CustomCameraMovementManager_dontAlertWhenTargetFocused
 .text          0x07004928      0x79c build/tools/./source/components/graphics/HbiasMaskMBgmapSprite.o
                0x07004928                _HbiasMaskMBgmapSprite_getBaseClass
                0x07004934                _HbiasMaskMBgmapSprite_getClassName
                0x07004a20                _HbiasMaskMBgmapSprite_position
                0x07004a50                _HbiasMaskMBgmapSprite_destructor
                0x07004a6c                _HbiasMaskMBgmapSprite_setVTable
                0x07004bdc                _HbiasMaskMBgmapSprite_render
                0x07004e3c                _HbiasMaskMBgmapSprite_getObjectSize
                0x07004e44                _HbiasMaskMBgmapSprite_checkVTable
                0x07004f28                _HbiasMaskMBgmapSprite_new
                0x07004f94                _HbiasMaskMBgmapSprite_constructor
                0x07004fd8                _HbiasMaskMBgmapSprite_wave
 .text          0x070050c4      0x3b4 build/tools/./source/components/graphics/GUISprite.o
                0x070050c4                _GUISprite_getBaseClass
                0x070050d0                _GUISprite_getClassName
                0x070050dc                _GUISprite_destructor
                0x070050f0                _GUISprite_setVTable
                0x07005260                _GUISprite_render
                0x07005334                _GUISprite_getObjectSize
                0x0700533c                _GUISprite_checkVTable
                0x07005420                _GUISprite_new
 .text          0x07005478     0x2388 build/tools/./source/objects/actors/Hero/Hero.o
                0x07005478                _Hero_getBaseClass
                0x07005484                _Hero_getClassName
                0x07005490                _Hero_getAxisForFlipping
                0x07005494                _Hero_isAffectedByRelativity
                0x07005498                _Hero_getAxesForShapeSyncWithDirection
                0x0700549c                _Hero_exitCollision
                0x0700553c                _Hero_syncRotationWithBody
                0x070055c4                _Hero_suspend
                0x070055f8                _Hero_getFrictionOnCollision
                0x07005628                _Hero_destructor
                0x07005740                _Hero_setVTable
                0x07005a30                _Hero_handlePropagatedMessage
                0x07005ad4                _Hero_resume
                0x07005b90                _Hero_ready
                0x07005c5c                _Hero_handleMessage
                0x07005ec0                _Hero_takeHitFrom
                0x07006154                _Hero_updateCollision
                0x070061d8                _Hero_getObjectSize
                0x070061e0                _Hero_checkVTable
                0x070062c4                _Hero_getInstance
                0x070062d0                _Hero_setInstance
                0x070062dc                _Hero_new
                0x070063d8                _Hero_constructor
                0x07006484                _Hero_locateOverNextFloor
                0x07006488                _Hero_jump
                0x070065c0                _Hero_addForce
                0x07006770                _Hero_startedMovingOnAxis
                0x07006868                _Hero_stopMovingOnAxis
                0x07006a24                _Hero_stopAddingForce
                0x07006ad4                _Hero_enterCollision
                0x07006f70                _Hero_checkDirection
                0x07007100                _Hero_lockCameraTriggerMovement
                0x070071a8                _Hero_flash
                0x070072a8                _Hero_toggleFlashPalette
                0x0700733c                _Hero_resetPalette
                0x070073ac                _Hero_getOverlappedDoor
                0x070073b4                _Hero_enterDoor
                0x07007444                _Hero_showHint
                0x07007448                _Hero_hideHint
                0x0700744c                _Hero_die
                0x0700747c                _Hero_hasKey
                0x07007484                _Hero_collectPowerUp
                0x07007508                _Hero_losePowerUp
                0x07007574                _Hero_updateSprite
                0x070075cc                _Hero_getPowerUp
                0x070075d4                _Hero_getEnergy
                0x070075dc                _Hero_setInvincible
                0x070075e4                _Hero_isInvincible
                0x070075ec                _Hero_capVelocity
                0x07007684                _Hero_getOutOfDoor
                0x07007714                _Hero_isBelow
                0x070077e0                _Hero_onPowerUpTransitionComplete
 .text          0x07007800      0x5a4 build/tools/./source/objects/actors/Hero/states/HeroState.o
                0x07007800                _HeroState_getBaseClass
                0x0700780c                _HeroState_getClassName
                0x07007818                _HeroState_onKeyHold
                0x0700781c                _HeroState_destructor
                0x07007830                _HeroState_setVTable
                0x07007934                _HeroState_getObjectSize
                0x07007938                _HeroState_checkVTable
                0x07007d90                _HeroState_constructor
 .text          0x07007da4      0x89c build/tools/./source/objects/actors/Hero/states/HeroMoving.o
                0x07007da4                _HeroMoving_getBaseClass
                0x07007db0                _HeroMoving_getClassName
                0x07007dbc                _HeroMoving_onKeyReleased
                0x07007ddc                _HeroMoving_enter
                0x07007e18                _HeroMoving_destructor
                0x07007e50                _HeroMoving_setVTable
                0x07007f78                _HeroMoving_onKeyPressed
                0x0700804c                _HeroMoving_processMessage
                0x070080cc                _HeroMoving_execute
                0x07008100                _HeroMoving_getObjectSize
                0x07008104                _HeroMoving_checkVTable
                0x0700855c                _HeroMoving_constructor
                0x07008618                _HeroMoving_getInstance
 .text          0x07008640      0x968 build/tools/./source/objects/actors/Hero/states/HeroIdle.o
                0x07008640                _HeroIdle_getBaseClass
                0x0700864c                _HeroIdle_getClassName
                0x07008658                _HeroIdle_onKeyReleased
                0x0700865c                _HeroIdle_onKeyHold
                0x0700870c                _HeroIdle_onKeyPressed
                0x0700883c                _HeroIdle_exit
                0x07008864                _HeroIdle_enter
                0x070088b8                _HeroIdle_destructor
                0x070088d4                _HeroIdle_setVTable
                0x070089fc                _HeroIdle_processMessage
                0x07008a8c                _HeroIdle_getObjectSize
                0x07008a90                _HeroIdle_checkVTable
                0x07008f80                _HeroIdle_getInstance
 .text          0x07008fa8      0x838 build/tools/./source/objects/actors/MovingEntity/MovingEntity.o
                0x07008fa8                _MovingEntity_getBaseClass
                0x07008fb4                _MovingEntity_getClassName
                0x07008fc0                _MovingEntity_setDefinition
                0x07008fe4                _MovingEntity_getAxesForShapeSyncWithDirection
                0x07008ff0                _MovingEntity_destructor
                0x07009030                _MovingEntity_setVTable
                0x07009320                _MovingEntity_getObjectSize
                0x07009328                _MovingEntity_checkVTable
                0x0700940c                _MovingEntity_new
                0x070094cc                _MovingEntity_constructor
                0x07009548                _MovingEntity_takeHit
                0x0700954c                _MovingEntity_checkDisplacement
                0x07009604                _MovingEntity_startMovement
                0x070096bc                _MovingEntity_handleMessage
                0x07009788                _MovingEntity_ready
 .text          0x070097e0      0x5cc build/tools/./source/objects/elements/Collision/Collision.o
                0x070097e0                _Collision_getBaseClass
                0x070097ec                _Collision_getClassName
                0x070097f8                _Collision_setExtraInfo
                0x07009824                _Collision_destructor
                0x07009838                _Collision_setVTable
                0x07009aec                _Collision_initialTransform
                0x07009c20                _Collision_getObjectSize
                0x07009c28                _Collision_checkVTable
                0x07009d0c                _Collision_new
                0x07009d88                _Collision_constructor
 .text          0x07009dac        0x0 build/tools/./source/objects/elements/Collision/CollisionDefinition.o
 .text          0x07009dac      0x60c build/tools/./source/objects/elements/Door/Door.o
                0x07009dac                _Door_getBaseClass
                0x07009db8                _Door_getClassName
                0x07009dc4                _Door_setExtraInfo
                0x07009dcc                _Door_hasDestination
                0x07009dd8                _Door_setOverlapping
                0x07009ddc                _Door_unsetOverlapping
                0x07009de0                _Door_canEnter
                0x07009e00                _Door_getHintType
                0x07009e04                _Door_ready
                0x07009e70                _Door_destructor
                0x07009e84                _Door_setVTable
                0x0700a174                _Door_handleMessage
                0x0700a1d0                _Door_getObjectSize
                0x0700a1d8                _Door_checkVTable
                0x0700a2bc                _Door_new
                0x0700a340                _Door_constructor
                0x0700a370                _Door_getExtraInfo
                0x0700a378                _Door_onOverlapping
 .text          0x0700a3b8      0x570 build/tools/./source/objects/elements/Door/LayerSwitchDoor.o
                0x0700a3b8                _LayerSwitchDoor_getBaseClass
                0x0700a3c4                _LayerSwitchDoor_getClassName
                0x0700a3d0                _LayerSwitchDoor_destructor
                0x0700a3e4                _LayerSwitchDoor_setVTable
                0x0700a6d4                _LayerSwitchDoor_handleMessage
                0x0700a79c                _LayerSwitchDoor_getObjectSize
                0x0700a7a4                _LayerSwitchDoor_checkVTable
                0x0700a888                _LayerSwitchDoor_new
                0x0700a904                _LayerSwitchDoor_constructor
 .text          0x0700a928      0x5b8 build/tools/./source/objects/elements/Door/GoalDoor.o
                0x0700a928                _GoalDoor_getBaseClass
                0x0700a934                _GoalDoor_getClassName
                0x0700a940                _GoalDoor_hasDestination
                0x0700a944                _GoalDoor_canEnter
                0x0700a980                _GoalDoor_ready
                0x0700a9bc                _GoalDoor_destructor
                0x0700a9d0                _GoalDoor_setVTable
                0x0700acc0                _GoalDoor_handleMessage
                0x0700ad54                _GoalDoor_getObjectSize
                0x0700ad5c                _GoalDoor_checkVTable
                0x0700ae40                _GoalDoor_new
                0x0700aebc                _GoalDoor_constructor
 .text          0x0700aee0      0x5ac build/tools/./source/objects/elements/Door/KeyDoor.o
                0x0700aee0                _KeyDoor_getBaseClass
                0x0700aeec                _KeyDoor_getClassName
                0x0700aef8                _KeyDoor_hasDestination
                0x0700aefc                _KeyDoor_getHintType
                0x0700af18                _KeyDoor_canEnter
                0x0700af30                _KeyDoor_unsetOverlapping
                0x0700af78                _KeyDoor_setOverlapping
                0x0700afc0                _KeyDoor_ready
                0x0700affc                _KeyDoor_destructor
                0x0700b010                _KeyDoor_setVTable
                0x0700b300                _KeyDoor_getObjectSize
                0x0700b308                _KeyDoor_checkVTable
                0x0700b3ec                _KeyDoor_new
                0x0700b468                _KeyDoor_constructor
 .text          0x0700b48c      0xd34 build/tools/./source/objects/elements/Gui/Gui.o
                0x0700b48c                _Gui_getBaseClass
                0x0700b498                _Gui_getClassName
                0x0700b4a4                _Gui_ready
                0x0700b4c8                _Gui_destructor
                0x0700b564                _Gui_setVTable
                0x0700ba38                _Gui_getObjectSize
                0x0700ba40                _Gui_checkVTable
                0x0700bb24                _Gui_new
                0x0700bc20                _Gui_constructor
                0x0700bcc8                _Gui_printClock
                0x0700bcf8                _Gui_printBestTime
                0x0700bd78                _Gui_printCoins
                0x0700be00                _Gui_printEnergy
                0x0700be8c                _Gui_printKey
                0x0700bee0                _Gui_printLevel
                0x0700bf24                _Gui_updateSprite
                0x0700bf7c                _Gui_printAll
                0x0700c198                _Gui_handlePropagatedMessage
 .text          0x0700c1c0      0x4f0 build/tools/./source/objects/items/Collectable/Collectable.o
                0x0700c1c0                _Collectable_getBaseClass
                0x0700c1cc                _Collectable_getClassName
                0x0700c1d8                _Collectable_collect
                0x0700c1dc                _Collectable_destructor
                0x0700c1f0                _Collectable_setVTable
                0x0700c4b0                _Collectable_handleMessage
                0x0700c524                _Collectable_getObjectSize
                0x0700c52c                _Collectable_checkVTable
                0x0700c610                _Collectable_new
                0x0700c68c                _Collectable_constructor
 .text          0x0700c6b0      0x4a4 build/tools/./source/objects/items/Item/Item.o
                0x0700c6b0                _Item_getBaseClass
                0x0700c6bc                _Item_getClassName
                0x0700c6c8                _Item_collect
                0x0700c6f4                _Item_destructor
                0x0700c708                _Item_setVTable
                0x0700c9c8                _Item_getObjectSize
                0x0700c9d0                _Item_checkVTable
                0x0700cab4                _Item_new
                0x0700cb30                _Item_constructor
 .text          0x0700cb54      0x8a0 build/tools/./source/states/AutoPauseScreenState/AutoPauseScreenState.o
                0x0700cb54                _AutoPauseScreenState_getBaseClass
                0x0700cb60                _AutoPauseScreenState_getClassName
                0x0700cc04                _AutoPauseScreenState_setVTable
                0x0700ce78                _AutoPauseScreenState_processUserInput
                0x0700cef0                _AutoPauseScreenState_getObjectSize
                0x0700cef8                _AutoPauseScreenState_checkVTable
                0x0700d394                _AutoPauseScreenState_new
                0x0700d3d0                _AutoPauseScreenState_getInstance
 .text          0x0700d3f4      0x958 build/tools/./source/states/LevelDoneScreenState/LevelDoneScreenState.o
                0x0700d3f4                _LevelDoneScreenState_getBaseClass
                0x0700d400                _LevelDoneScreenState_getClassName
                0x0700d484                _LevelDoneScreenState_setVTable
                0x0700d5d0                _LevelDoneScreenState_processUserInput
                0x0700d848                _LevelDoneScreenState_getObjectSize
                0x0700d850                _LevelDoneScreenState_checkVTable
                0x0700dcec                _LevelDoneScreenState_new
                0x0700dd28                _LevelDoneScreenState_getInstance
 .text          0x0700dd4c      0xa88 build/tools/./source/states/OptionsScreenState/OptionsScreenState.o
                0x0700dd4c                _OptionsScreenState_getBaseClass
                0x0700dd58                _OptionsScreenState_getClassName
                0x0700dd84                _OptionsScreenState_processUserInput
                0x0700deb4                _OptionsScreenState_setVTable
                0x0700e304                _OptionsScreenState_getObjectSize
                0x0700e30c                _OptionsScreenState_checkVTable
                0x0700e7a4                _OptionsScreenState_getInstance
                0x0700e7cc                _OptionsScreenState_setNextState
 .text          0x0700e7d4      0xb98 build/tools/./source/states/PauseScreenState/PauseScreenState.o
                0x0700e7d4                _PauseScreenState_getBaseClass
                0x0700e7e0                _PauseScreenState_getClassName
                0x0700e80c                _PauseScreenState_processUserInput
                0x0700ea9c                _PauseScreenState_setVTable
                0x0700eea4                _PauseScreenState_getObjectSize
                0x0700eeac                _PauseScreenState_checkVTable
                0x0700f344                _PauseScreenState_getInstance
 .text          0x0700f36c     0x132c build/tools/./source/states/PlatformerLevelState/PlatformerLevelState.o
                0x0700f36c                _PlatformerLevelState_getBaseClass
                0x0700f378                _PlatformerLevelState_getClassName
                0x0700f3b0                _PlatformerLevelState_onHeroDied
                0x0700f454                _PlatformerLevelState_onScreenFocused
                0x0700f498                _PlatformerLevelState_processUserInput
                0x0700f548                _PlatformerLevelState_setVTable
                0x0700fffc                _PlatformerLevelState_getObjectSize
                0x07010004                _PlatformerLevelState_checkVTable
                0x0701049c                _PlatformerLevelState_getInstance
                0x070104c4                _PlatformerLevelState_setPrintingLayerCoordinates
                0x070104f4                _PlatformerLevelState_getUserInput
                0x07010518                _PlatformerLevelState_getClock
                0x07010520                _PlatformerLevelState_getCurrentLevelDefinition
                0x07010528                _PlatformerLevelState_startLevel
                0x0701056c                _PlatformerLevelState_enterStage
                0x07010600                _PlatformerLevelState_startStage
                0x07010674                _PlatformerLevelState_isStartingLevel
                0x07010688                _PlatformerLevelState_setModeToPaused
                0x07010690                _PlatformerLevelState_setModeToPlaying
 .text          0x07010698      0x9e0 build/tools/./source/states/SplashScreens/AdjustmentScreenState/AdjustmentScreenState.o
                0x07010698                _AdjustmentScreenState_getBaseClass
                0x070106a4                _AdjustmentScreenState_getClassName
                0x070106b0                _AdjustmentScreenState_enter
                0x07010728                _AdjustmentScreenState_setVTable
                0x0701087c                _AdjustmentScreenState_rhombusEmitterPostProcessingEffect
                0x07010acc                _AdjustmentScreenState_getObjectSize
                0x07010ad4                _AdjustmentScreenState_checkVTable
                0x07011018                _AdjustmentScreenState_new
                0x07011054                _AdjustmentScreenState_getInstance
 .text          0x07011078      0xbe8 build/tools/./source/states/SplashScreens/AutoPauseSelectScreenState/AutoPauseSelectScreenState.o
                0x07011078                _AutoPauseSelectScreenState_getBaseClass
                0x07011084                _AutoPauseSelectScreenState_getClassName
                0x070110cc                _AutoPauseSelectScreenState_setVTable
                0x070116b4                _AutoPauseSelectScreenState_getObjectSize
                0x070116bc                _AutoPauseSelectScreenState_checkVTable
                0x07011c00                _AutoPauseSelectScreenState_new
                0x07011c3c                _AutoPauseSelectScreenState_getInstance
 .text          0x07011c60      0x990 build/tools/./source/states/SplashScreens/LangSelectScreenState/LangSelectScreenState.o
                0x07011c60                _LangSelectScreenState_getBaseClass
                0x07011c6c                _LangSelectScreenState_getClassName
                0x07011d8c                _LangSelectScreenState_setVTable
                0x07012044                _LangSelectScreenState_getObjectSize
                0x0701204c                _LangSelectScreenState_checkVTable
                0x07012590                _LangSelectScreenState_new
                0x070125cc                _LangSelectScreenState_getInstance
 .text          0x070125f0      0x910 build/tools/./source/states/SplashScreens/PrecautionScreenState/PrecautionScreenState.o
                0x070125f0                _PrecautionScreenState_getBaseClass
                0x070125fc                _PrecautionScreenState_getClassName
                0x0701263c                _PrecautionScreenState_setVTable
                0x07012954                _PrecautionScreenState_getObjectSize
                0x0701295c                _PrecautionScreenState_checkVTable
                0x07012ea0                _PrecautionScreenState_new
                0x07012edc                _PrecautionScreenState_getInstance
 .text          0x07012f00      0x8f8 build/tools/./source/states/SplashScreens/SplashScreenState/SplashScreenState.o
                0x07012f00                _SplashScreenState_getBaseClass
                0x07012f0c                _SplashScreenState_getClassName
                0x07012f18                _SplashScreenState_exit
                0x07012f54                _SplashScreenState_processUserInput
                0x07012f80                _SplashScreenState_print
                0x07012fc4                _SplashScreenState_enter
                0x07013030                _SplashScreenState_destructor
                0x07013044                _SplashScreenState_setVTable
                0x0701317c                _SplashScreenState_processMessage
                0x070131d0                _SplashScreenState_resume
                0x07013250                _SplashScreenState_processInput
                0x070132b8                _SplashScreenState_getObjectSize
                0x070132c0                _SplashScreenState_checkVTable
                0x07013768                _SplashScreenState_constructor
                0x07013788                _SplashScreenState_setNextState
                0x07013790                _SplashScreenState_loadNextState
 .text          0x070137f8      0x87c build/tools/./source/states/TitleScreenState/TitleScreenState.o
                0x070137f8                _TitleScreenState_getBaseClass
                0x07013804                _TitleScreenState_getClassName
                0x07013858                _TitleScreenState_setVTable
                0x07013aa4                _TitleScreenState_processUserInput
                0x07013bac                _TitleScreenState_getObjectSize
                0x07013bb4                _TitleScreenState_checkVTable
                0x0701404c                _TitleScreenState_getInstance
 .text          0x07014074        0x0 build/tools/./assets/data/ColumnTable.o
 .text          0x07014074        0x0 build/tools/./assets/fonts/Fonts.o
 .text          0x07014074        0x0 build/tools/./assets/images/AdjustmentScreen/Binary/AdjustmentScreenVUEngineIcon.o
 .text          0x07014074        0x0 build/tools/./assets/images/AdjustmentScreen/Binary/AdjustmentScreenVUEngineLogo.o
 .text          0x07014074        0x0 build/tools/./assets/images/AdjustmentScreen/Binary/AdjustmentScreenVUEngineBG.o
 .text          0x07014074        0x0 build/tools/./assets/images/AdjustmentScreen/Definition/AdjustmentScreenVUEngineBGDefinition.o
 .text          0x07014074        0x0 build/tools/./assets/images/AdjustmentScreen/Definition/AdjustmentScreenVUEngineIconDefinition.o
 .text          0x07014074        0x0 build/tools/./assets/images/AdjustmentScreen/Definition/AdjustmentScreenVUEngineLogoDefinition.o
 .text          0x07014074        0x0 build/tools/./assets/images/Buildings/Binary/Barberia1.o
 .text          0x07014074        0x0 build/tools/./assets/images/Buildings/Binary/House5Black.o
 .text          0x07014074        0x0 build/tools/./assets/images/Buildings/Binary/House4.o
 .text          0x07014074        0x0 build/tools/./assets/images/Buildings/Binary/House1Black.o
 .text          0x07014074        0x0 build/tools/./assets/images/Buildings/Binary/House2.o
 .text          0x07014074        0x0 build/tools/./assets/images/Buildings/Binary/Wall1.o
 .text          0x07014074        0x0 build/tools/./assets/images/Buildings/Binary/House5.o
 .text          0x07014074        0x0 build/tools/./assets/images/Buildings/Binary/House6Black.o
 .text          0x07014074        0x0 build/tools/./assets/images/Buildings/Binary/House1.o
 .text          0x07014074        0x0 build/tools/./assets/images/Buildings/Binary/House3.o
 .text          0x07014074        0x0 build/tools/./assets/images/Buildings/Binary/House3Black.o
 .text          0x07014074        0x0 build/tools/./assets/images/Buildings/Binary/Garage1Black.o
 .text          0x07014074        0x0 build/tools/./assets/images/Buildings/Binary/Barberia1Black.o
 .text          0x07014074        0x0 build/tools/./assets/images/Buildings/Binary/House4Black.o
 .text          0x07014074        0x0 build/tools/./assets/images/Buildings/Binary/Garage2.o
 .text          0x07014074        0x0 build/tools/./assets/images/Buildings/Binary/Playground1.o
 .text          0x07014074        0x0 build/tools/./assets/images/Buildings/Binary/Garage1.o
 .text          0x07014074        0x0 build/tools/./assets/images/Buildings/Binary/House2Black.o
 .text          0x07014074        0x0 build/tools/./assets/images/Buildings/Binary/House6.o
 .text          0x07014074        0x0 build/tools/./assets/images/Buildings/Binary/Wall1Black.o
 .text          0x07014074        0x0 build/tools/./assets/images/Buildings/Definition/House4Definition.o
 .text          0x07014074        0x0 build/tools/./assets/images/Buildings/Definition/House6Definition.o
 .text          0x07014074        0x0 build/tools/./assets/images/Buildings/Definition/Garage2Definition.o
 .text          0x07014074        0x0 build/tools/./assets/images/Buildings/Definition/Playground1Definition.o
 .text          0x07014074        0x0 build/tools/./assets/images/Buildings/Definition/Wall1Definition.o
 .text          0x07014074        0x0 build/tools/./assets/images/Buildings/Definition/House2Definition.o
 .text          0x07014074        0x0 build/tools/./assets/images/Buildings/Definition/Garage1Definition.o
 .text          0x07014074        0x0 build/tools/./assets/images/Buildings/Definition/House3Definition.o
 .text          0x07014074        0x0 build/tools/./assets/images/Buildings/Definition/House1Definition.o
 .text          0x07014074        0x0 build/tools/./assets/images/Buildings/Definition/Barberia1Definition.o
 .text          0x07014074        0x0 build/tools/./assets/images/Buildings/Definition/House5Definition.o
 .text          0x07014074        0x0 build/tools/./assets/images/CityBackground/Binary/CityBackgroundB.o
 .text          0x07014074        0x0 build/tools/./assets/images/CityBackground/Binary/CityBackgroundA.o
 .text          0x07014074        0x0 build/tools/./assets/images/CityBackground/Definition/CityBgDefinition.o
 .text          0x07014074        0x0 build/tools/./assets/images/CityFloor/Binary/CityFloor.o
 .text          0x07014074        0x0 build/tools/./assets/images/CityFloor/Definition/CityFloorDefinition.o
 .text          0x07014074        0x0 build/tools/./assets/images/Decoration/Binary/PlaygroundSign1.o
 .text          0x07014074        0x0 build/tools/./assets/images/Decoration/Binary/Bike1.o
 .text          0x07014074        0x0 build/tools/./assets/images/Decoration/Binary/BushBg1.o
 .text          0x07014074        0x0 build/tools/./assets/images/Decoration/Binary/Lantern1.o
 .text          0x07014074        0x0 build/tools/./assets/images/Decoration/Binary/TreeBg1.o
 .text          0x07014074        0x0 build/tools/./assets/images/Decoration/Binary/Motorbike1.o
 .text          0x07014074        0x0 build/tools/./assets/images/Decoration/Binary/CarBg1.o
 .text          0x07014074        0x0 build/tools/./assets/images/Decoration/Binary/Bench1.o
 .text          0x07014074        0x0 build/tools/./assets/images/Decoration/Binary/TrashBin1.o
 .text          0x07014074        0x0 build/tools/./assets/images/Decoration/Binary/PlaygroundSign1Black.o
 .text          0x07014074        0x0 build/tools/./assets/images/Decoration/Binary/Fence2.o
 .text          0x07014074        0x0 build/tools/./assets/images/Decoration/Binary/BushBg2.o
 .text          0x07014074        0x0 build/tools/./assets/images/Decoration/Binary/Car1.o
 .text          0x07014074        0x0 build/tools/./assets/images/Decoration/Binary/Clothes1.o
 .text          0x07014074        0x0 build/tools/./assets/images/Decoration/Binary/Container1.o
 .text          0x07014074        0x0 build/tools/./assets/images/Decoration/Binary/Fence1.o
 .text          0x07014074        0x0 build/tools/./assets/images/Decoration/Binary/Lantern1Black.o
 .text          0x07014074        0x0 build/tools/./assets/images/Decoration/Binary/Statue1.o
 .text          0x07014074        0x0 build/tools/./assets/images/Decoration/Binary/Thing1.o
 .text          0x07014074        0x0 build/tools/./assets/images/Decoration/Binary/Tree1.o
 .text          0x07014074        0x0 build/tools/./assets/images/Decoration/Definition/Thing1Definition.o
 .text          0x07014074        0x0 build/tools/./assets/images/Decoration/Definition/Tree1Definition.o
 .text          0x07014074        0x0 build/tools/./assets/images/Decoration/Definition/Clothes1Definition.o
 .text          0x07014074        0x0 build/tools/./assets/images/Decoration/Definition/Container1Definition.o
 .text          0x07014074        0x0 build/tools/./assets/images/Decoration/Definition/Statue1Definition.o
 .text          0x07014074        0x0 build/tools/./assets/images/Decoration/Definition/Bike1Definition.o
 .text          0x07014074        0x0 build/tools/./assets/images/Decoration/Definition/PlaygroundSign1Definition.o
 .text          0x07014074        0x0 build/tools/./assets/images/Decoration/Definition/Fence2Definition.o
 .text          0x07014074        0x0 build/tools/./assets/images/Decoration/Definition/BushBg1Definition.o
 .text          0x07014074        0x0 build/tools/./assets/images/Decoration/Definition/Fence1Definition.o
 .text          0x07014074        0x0 build/tools/./assets/images/Decoration/Definition/Lantern1Definition.o
 .text          0x07014074        0x0 build/tools/./assets/images/Decoration/Definition/TrashBin1Definition.o
 .text          0x07014074        0x0 build/tools/./assets/images/Decoration/Definition/BushBg2Definition.o
 .text          0x07014074        0x0 build/tools/./assets/images/Decoration/Definition/Bench1Definition.o
 .text          0x07014074        0x0 build/tools/./assets/images/Decoration/Definition/TreeBg1Definition.o
 .text          0x07014074        0x0 build/tools/./assets/images/Decoration/Definition/Motorbike1Definition.o
 .text          0x07014074        0x0 build/tools/./assets/images/Decoration/Definition/Car1Definition.o
 .text          0x07014074        0x0 build/tools/./assets/images/Decoration/Definition/CarBg1Definition.o
 .text          0x07014074        0x0 build/tools/./assets/images/Fonts/Binary/FontDefault.o
 .text          0x07014074        0x0 build/tools/./assets/images/Fonts/Definition/FontDefaultDefinition.o
 .text          0x07014074        0x0 build/tools/./assets/images/Gui/Binary/Gui.o
 .text          0x07014074        0x0 build/tools/./assets/images/Gui/Definition/GuiDefinition.o
 .text          0x07014074        0x0 build/tools/./assets/images/Hero/Binary/HeroBlack.o
 .text          0x07014074        0x0 build/tools/./assets/images/Hero/Binary/Hero.o
 .text          0x07014074        0x0 build/tools/./assets/images/Hero/Definition/HeroDefinition.o
 .text          0x07014074        0x0 build/tools/./assets/images/TitleScreen/Binary/TitleCapitanBlack.o
 .text          0x07014074        0x0 build/tools/./assets/images/TitleScreen/Binary/TitleEarth.o
 .text          0x07014074        0x0 build/tools/./assets/images/TitleScreen/Binary/TitleLogo.o
 .text          0x07014074        0x0 build/tools/./assets/images/TitleScreen/Binary/TitleCapitan.o
 .text          0x07014074        0x0 build/tools/./assets/images/TitleScreen/Binary/TitleSubTitle.o
 .text          0x07014074        0x0 build/tools/./assets/images/TitleScreen/Binary/TitleLogoBlack.o
 .text          0x07014074        0x0 build/tools/./assets/images/TitleScreen/Definition/TitleEarthDefinition.o
 .text          0x07014074        0x0 build/tools/./assets/images/TitleScreen/Definition/TitleSubTitleDefinition.o
 .text          0x07014074        0x0 build/tools/./assets/images/TitleScreen/Definition/TitleCapitanDefinition.o
 .text          0x07014074        0x0 build/tools/./assets/images/TitleScreen/Definition/TitleLogoDefinition.o
 .text          0x07014074        0x0 build/tools/./assets/languages/Language_DE.o
 .text          0x07014074        0x0 build/tools/./assets/languages/Language_ES.o
 .text          0x07014074        0x0 build/tools/./assets/languages/Languages.o
 .text          0x07014074        0x0 build/tools/./assets/languages/Language_FR.o
 .text          0x07014074        0x0 build/tools/./assets/languages/Language_EN.o
 .text          0x07014074        0x0 build/tools/./assets/levels/Level1Definition.o
 .text          0x07014074        0x0 build/tools/./assets/sounds/CollectDefinition.o
 .text          0x07014074        0x0 build/tools/./assets/sounds/BGM1Definition.o
 .text          0x07014074        0x0 build/tools/./assets/sounds/JumpDefinition.o
 .text          0x07014074        0x0 build/tools/./assets/sounds/FireDefinition.o
 .text          0x07014074        0x0 build/tools/./assets/sounds/BGM2Definition.o
 .text          0x07014074        0x0 build/tools/./assets/stages/Level1/Definition/Level1MainStageDefinition.o
 .text          0x07014074        0x0 build/tools/./assets/stages/Various/Definition/TitleScreenStageDefinition.o
 .text          0x07014074        0x0 build/tools/./assets/stages/Various/Definition/EmptyStageDefinition.o
 .text          0x07014074        0x0 build/tools/./assets/stages/Various/Definition/AdjustmentScreenStageDefinition.o
 .text          0x07014074        0x0 build/tools/./assets/stages/Various/Definition/PauseScreenStageDefinition.o
 .text          0x07014074      0x1d0 C:/vbde/samples/vuengine/capitan-sevilla/lib/compiler/setupClasses.o
                0x07014074                _setupClasses
 .text          0x07014244      0x210 build\libvuengine.a(crt0.o)
                0x07014244                _start
                0x07014384                __interrupt_handler_prolog
 .text          0x07014454     0x2c74 build\libvuengine.a(Game.o)
                0x07014454                _Game_getBaseClass
                0x07014460                _Game_getClassName
                0x07014620                _Game_destructor
                0x07014664                _Game_setVTable
                0x070146fc                _Game_handleMessage
                0x070148e0                _Game_getObjectSize
                0x070148e8                _Game_checkVTable
                0x07014b04                _Game_getInstance
                0x07014b2c                _Game_isConstructed
                0x07014b3c                _Game_changeState
                0x07014b48                _Game_cleanAndChangeState
                0x07014b54                _Game_addState
                0x07014b60                _Game_disableHardwareInterrupts
                0x07014b64                _Game_enableHardwareInterrupts
                0x07014b68                _Game_synchronizeGraphics
                0x07014c50                _Game_stream
                0x07014d0c                _Game_increaseGameFrameDuration
                0x07014d18                _Game_currentFrameEnded
                0x07014d20                _Game_setLastProcessName
                0x07014d28                _Game_getTime
                0x07014d40                _Game_getClock
                0x07014d48                _Game_getMessagingClock
                0x07014d64                _Game_getUpdateClock
                0x07014d80                _Game_getPhysicsClock
                0x07014d9c                _Game_getLastProcessName
                0x07014da4                _Game_isInDebugMode
                0x07014dcc                _Game_isInStageEditor
                0x07014df4                _Game_isInAnimationInspector
                0x07014e1c                _Game_isInSpecialMode
                0x07014e80                _Game_isEnteringSpecialMode
                0x07014ec8                _Game_isExitingSpecialMode
                0x07014f10                _Game_getStateMachine
                0x07014f18                _Game_getStage
                0x07014f98                _Game_getCurrentState
                0x07014fb0                _Game_getPhysicalWorld
                0x07015030                _Game_getCollisionManager
                0x070150b0                _Game_pause
                0x070150c0                _Game_unpause
                0x0701511c                _Game_setAutomaticPauseState
                0x07015124                _Game_getAutomaticPauseState
                0x0701512c                _Game_disableKeypad
                0x07015144                _Game_enableKeypad
                0x0701515c                _Game_pushFrontProcessingEffect
                0x07015174                _Game_pushBackProcessingEffect
                0x0701518c                _Game_removePostProcessingEffect
                0x070151a4                _Game_wait
                0x070151bc                _Game_saveProcessNameDuringFRAMESTART
                0x070151cc                _Game_saveProcessNameDuringXPEND
                0x070151dc                _Game_showCurrentGameFrameProfiling
                0x0701581c                _Game_showLastGameFrameProfiling
                0x07015f84                _Game_resetCurrentFrameProfiling
                0x07015fd8                _Game_resetProfiling
                0x07016268                _Game_checkFrameRate
                0x070163bc                _Game_start
                0x07016ff8                _Game_reset
 .text          0x070170c8      0x524 build\libvuengine.a(Error.o)
                0x070170c8                _Error_getBaseClass
                0x070170d4                _Error_getClassName
                0x070170e0                _Error_destructor
                0x070170fc                _Error_setVTable
                0x070171b0                _Error_getObjectSize
                0x070171b4                _Error_triggerException
                0x07017570                _Error_getInstance
                0x07017598                _Error_checkVTable
 .text          0x070175ec      0x3cc build\libvuengine.a(FrameRate.o)
                0x070175ec                _FrameRate_getBaseClass
                0x070175f8                _FrameRate_getClassName
                0x07017604                _FrameRate_destructor
                0x07017620                _FrameRate_setVTable
                0x070176e0                _FrameRate_getObjectSize
                0x070176e4                _FrameRate_checkVTable
                0x07017900                _FrameRate_getInstance
                0x07017928                _FrameRate_reset
                0x07017930                _FrameRate_getFps
                0x07017938                _FrameRate_increaseFps
                0x07017944                _FrameRate_print
 .text          0x070179b8      0x3a4 build\libvuengine.a(I18n.o)
                0x070179b8                _I18n_getBaseClass
                0x070179c4                _I18n_getClassName
                0x070179d0                _I18n_destructor
                0x070179ec                _I18n_setVTable
                0x07017aac                _I18n_getObjectSize
                0x07017ab0                _I18n_checkVTable
                0x07017ccc                _I18n_getInstance
                0x07017cf4                _I18n_getText
                0x07017d24                _I18n_setActiveLanguage
                0x07017d2c                _I18n_getLanguages
                0x07017d38                _I18n_getActiveLanguage
                0x07017d40                _I18n_getActiveLanguageName
 .text          0x07017d5c      0x2f8 build\libvuengine.a(VirtualNode.o)
                0x07017d5c                _VirtualNode_getBaseClass
                0x07017d68                _VirtualNode_getClassName
                0x07017d74                _VirtualNode_setVTable
                0x07017e20                _VirtualNode_getObjectSize
                0x07017e28                _VirtualNode_checkVTable
                0x07017fac                _VirtualNode_new
                0x07018004                _VirtualNode_setData
                0x0701800c                _VirtualNode_getData
                0x07018014                _VirtualNode_getNext
                0x0701801c                _VirtualNode_setNext
                0x07018024                _VirtualNode_getPrevious
                0x0701802c                _VirtualNode_setPrevious
                0x07018034                _VirtualNode_swapData
 .text          0x07018054      0x8f4 build\libvuengine.a(VirtualList.o)
                0x07018054                _VirtualList_getBaseClass
                0x07018060                _VirtualList_getClassName
                0x0701806c                _VirtualList_setVTable
                0x07018104                _VirtualList_destructor
                0x07018150                _VirtualList_getObjectSize
                0x07018158                _VirtualList_checkVTable
                0x070182dc                _VirtualList_new
                0x07018324                _VirtualList_clear
                0x07018368                _VirtualList_pushFront
                0x070183b8                _VirtualList_popFront
                0x0701840c                _VirtualList_popBack
                0x07018460                _VirtualList_pushBack
                0x070184b4                _VirtualList_getSize
                0x070184cc                _VirtualList_getNodeData
                0x07018514                _VirtualList_getNode
                0x07018554                _VirtualList_getObject
                0x07018578                _VirtualList_removeNode
                0x070185f8                _VirtualList_find
                0x07018614                _VirtualList_getDataPosition
                0x07018644                _VirtualList_getNodePosition
                0x07018674                _VirtualList_removeElement
                0x07018710                _VirtualList_copy
                0x070187a4                _VirtualList_begin
                0x070187ac                _VirtualList_front
                0x070187c0                _VirtualList_end
                0x070187c8                _VirtualList_back
                0x070187dc                _VirtualList_insertAfter
                0x0701886c                _VirtualList_insertBefore
                0x070188e4                _VirtualList_swap
                0x07018908                _VirtualList_getObjectAtPosition
 .text          0x07018948      0x4a8 build\libvuengine.a(State.o)
                0x07018948                _State_getBaseClass
                0x07018954                _State_getClassName
                0x07018960                _State_enter
                0x07018964                _State_execute
                0x07018968                _State_exit
                0x0701896c                _State_suspend
                0x07018970                _State_resume
                0x07018974                _State_destructor
                0x07018988                _State_setVTable
                0x07018a74                _State_getObjectSize
                0x07018a78                _State_checkVTable
                0x07018ddc                _State_constructor
 .text          0x07018df0      0x53c build\libvuengine.a(Clock.o)
                0x07018df0                _Clock_getBaseClass
                0x07018dfc                _Clock_getClassName
                0x07018e08                _Clock_destructor
                0x07018e34                _Clock_setVTable
                0x07018edc                _Clock_update
                0x07018f40                _Clock_getObjectSize
                0x07018f48                _Clock_checkVTable
                0x0701911c                _Clock_new
                0x0701917c                _Clock_print
                0x0701924c                _Clock_reset
                0x0701925c                _Clock_getMilliSeconds
                0x07019264                _Clock_getSeconds
                0x07019270                _Clock_getMinutes
                0x07019280                _Clock_getTime
                0x07019288                _Clock_getTimeInCurrentSecond
                0x070192d8                _Clock_setTimeInSeconds
                0x070192ec                _Clock_setTimeInMilliSeconds
                0x070192f4                _Clock_start
                0x07019308                _Clock_stop
                0x0701931c                _Clock_pause
                0x07019324                _Clock_isPaused
 .text          0x0701932c      0x7b4 build\libvuengine.a(Object.o)
                0x0701932c                _Object_getBaseClass
                0x07019338                _Object_getClassName
                0x07019344                _Object_destructor
                0x07019394                _Object_handleMessage
                0x07019398                _Object_getObjectSize
                0x0701939c                _Object_setVTable
                0x070193e0                _Object_checkVTable
                0x07019564                _Object_constructor
                0x0701956c                _Object_addEventListener
                0x0701960c                _Object_removeEventListener
                0x07019664                _Object_removeEventListeners
                0x07019740                _Object_removeAllEventListeners
                0x0701980c                _Object_fireEvent
                0x0701994c                _Object_getCast
                0x07019ad8                _Object_getVTable
 .text          0x07019ae0     0x1288 build\libvuengine.a(MemoryPool.o)
                0x07019ae0                _MemoryPool_getBaseClass
                0x07019aec                _MemoryPool_getClassName
                0x07019af8                _MemoryPool_destructor
                0x07019b14                _MemoryPool_setVTable
                0x0701a05c                _MemoryPool_getObjectSize
                0x0701a068                _MemoryPool_checkVTable
                0x0701a1ec                _MemoryPool_getInstance
                0x0701a210                _MemoryPool_free
                0x0701a250                _MemoryPool_cleanUp
                0x0701a2c4                _MemoryPool_getPoolSize
                0x0701a3a0                _MemoryPool_printDetailedUsage
                0x0701a7d4                _MemoryPool_allocate
                0x0701a9f4                _MemoryPool_printResumedUsage
 .text          0x0701ad68      0x458 build\libvuengine.a(ClockManager.o)
                0x0701ad68                _ClockManager_getBaseClass
                0x0701ad74                _ClockManager_getClassName
                0x0701ad80                _ClockManager_destructor
                0x0701ade0                _ClockManager_setVTable
                0x0701aea4                _ClockManager_getObjectSize
                0x0701aea8                _ClockManager_checkVTable
                0x0701b0c4                _ClockManager_getInstance
                0x0701b0ec                _ClockManager_register
                0x0701b134                _ClockManager_unregister
                0x0701b14c                _ClockManager_update
                0x0701b18c                _ClockManager_reset
 .text          0x0701b1c0      0xaf4 build\libvuengine.a(MessageDispatcher.o)
                0x0701b1c0                _MessageDispatcher_getBaseClass
                0x0701b1cc                _MessageDispatcher_getClassName
                0x0701b1d8                _MessageDispatcher_setVTable
                0x0701b2fc                _MessageDispatcher_getObjectSize
                0x0701b304                _MessageDispatcher_checkVTable
                0x0701b520                _MessageDispatcher_getInstance
                0x0701b548                _MessageDispatcher_dispatchMessage
                0x0701b644                _MessageDispatcher_dispatchDelayedMessage
                0x0701b6dc                _MessageDispatcher_processDiscardedMessages
                0x0701b770                _MessageDispatcher_dispatchDelayedMessages
                0x0701b8e4                _MessageDispatcher_discardDelayedMessagesWithClock
                0x0701b954                _MessageDispatcher_discardDelayedMessagesFromSender
                0x0701b9e8                _MessageDispatcher_discardDelayedMessagesForReceiver
                0x0701baa0                _MessageDispatcher_discardAllDelayedMessagesFromSender
                0x0701bb38                _MessageDispatcher_discardAllDelayedMessagesForReceiver
                0x0701bbd0                _MessageDispatcher_print
 .text          0x0701bcb4      0x2f4 build\libvuengine.a(Telegram.o)
                0x0701bcb4                _Telegram_getBaseClass
                0x0701bcc0                _Telegram_getClassName
                0x0701bccc                _Telegram_destructor
                0x0701bce8                _Telegram_setVTable
                0x0701bd80                _Telegram_getObjectSize
                0x0701bd88                _Telegram_checkVTable
                0x0701bf0c                _Telegram_new
                0x0701bf88                _Telegram_getSender
                0x0701bf90                _Telegram_getReceiver
                0x0701bf98                _Telegram_getMessage
                0x0701bfa0                _Telegram_getExtraInfo
 .text          0x0701bfa8      0x608 build\libvuengine.a(StateMachine.o)
                0x0701bfa8                _StateMachine_getBaseClass
                0x0701bfb4                _StateMachine_getClassName
                0x0701bfc0                _StateMachine_handleMessage
                0x0701bffc                _StateMachine_destructor
                0x0701c060                _StateMachine_setVTable
                0x0701c0f8                _StateMachine_getObjectSize
                0x0701c100                _StateMachine_checkVTable
                0x0701c284                _StateMachine_new
                0x0701c2e4                _StateMachine_constructor
                0x0701c320                _StateMachine_update
                0x0701c34c                _StateMachine_swapState
                0x0701c3c0                _StateMachine_pushState
                0x0701c430                _StateMachine_popState
                0x0701c4b4                _StateMachine_returnToPreviousState
                0x0701c4fc                _StateMachine_changeToGlobal
                0x0701c560                _StateMachine_isInState
                0x0701c56c                _StateMachine_setOwner
                0x0701c574                _StateMachine_getCurrentState
                0x0701c57c                _StateMachine_getPreviousState
                0x0701c598                _StateMachine_getStackSize
 .text          0x0701c5b0      0x14c build\libvuengine.a(Mem.o)
                0x0701c5b0                _memcpy
                0x0701c5cc                _Mem_clear
                0x0701c640                _Mem_copyBYTE
                0x0701c68c                _Mem_copyHWORD
                0x0701c6a8                _Mem_copyWORD
                0x0701c6c4                _Mem_addBYTE
                0x0701c6e0                _Mem_addHWORD
 .text          0x0701c6fc      0x270 build\libvuengine.a(Utilities.o)
                0x0701c6fc                _Utilities_setClock
                0x0701c708                _Utilities_intLength
                0x0701c720                _Utilities_itoa
                0x0701c800                _Utilities_toUppercase
                0x0701c840                _Utilities_toLowercase
                0x0701c880                _Utilities_randomSeed
                0x0701c8b8                _Utilities_random
                0x0701c8d4                _Utilities_equalSign
                0x0701c8e4                _Utilities_getDigitCount
                0x0701c8f4                _Utilities_reverse
 .text          0x0701c96c       0xe4 build\libvuengine.a(Math.o)
                0x0701c96c                _Math_squareRoot
                0x0701c9a4                _Math_powerFast
                0x0701c9f0                _Math_multiply
                0x0701ca00                _Math_power
                0x0701ca3c                _Math_intInfinity
                0x0701ca48                _Math_fix10_6Infinity
 .text          0x0701ca50      0xb94 build\libvuengine.a(CameraEffectManager.o)
                0x0701ca50                _CameraEffectManager_getBaseClass
                0x0701ca5c                _CameraEffectManager_getClassName
                0x0701ca68                _CameraEffectManager_FXFadeIn
                0x0701ca9c                _CameraEffectManager_FXFadeOut
                0x0701cad0                _CameraEffectManager_setVTable
                0x0701cb88                _CameraEffectManager_stopEffect
                0x0701cbec                _CameraEffectManager_destructor
                0x0701cc4c                _CameraEffectManager_getObjectSize
                0x0701cc54                _CameraEffectManager_checkVTable
                0x0701cf28                _CameraEffectManager_getInstance
                0x0701cf50                _CameraEffectManager_constructor
                0x0701cf78                _CameraEffectManager_getDefaultBrightness
                0x0701cfe4                _CameraEffectManager_FXFadeStart
                0x0701d0f8                _CameraEffectManager_FXFadeAsyncStart
                0x0701d27c                _CameraEffectManager_startEffect
                0x0701d35c                _CameraEffectManager_FXFadeAsyncStop
                0x0701d3b0                _CameraEffectManager_showCamera
                0x0701d418                _CameraEffectManager_hideCamera
                0x0701d430                _CameraEffectManager_FXFadeAsync
                0x0701d5b8                _CameraEffectManager_handleMessage
 .text          0x0701d5e4      0x4f0 build\libvuengine.a(CameraMovementManager.o)
                0x0701d5e4                _CameraMovementManager_getBaseClass
                0x0701d5f0                _CameraMovementManager_getClassName
                0x0701d5fc                _CameraMovementManager_focus
                0x0701d760                _CameraMovementManager_destructor
                0x0701d77c                _CameraMovementManager_setVTable
                0x0701d824                _CameraMovementManager_getObjectSize
                0x0701d828                _CameraMovementManager_checkVTable
                0x0701d9fc                _CameraMovementManager_constructor
                0x0701daac                _CameraMovementManager_getInstance
 .text          0x0701dad4      0xac8 build\libvuengine.a(Camera.o)
                0x0701dad4                _Camera_getBaseClass
                0x0701dae0                _Camera_getClassName
                0x0701daec                _Camera_destructor
                0x0701db08                _Camera_setVTable
                0x0701dcac                _Camera_getObjectSize
                0x0701dcb4                _Camera_checkVTable
                0x0701ded0                _Camera_getInstance
                0x0701def8                _Camera_setCameraMovementManager
                0x0701df3c                _Camera_setCameraEffectManager
                0x0701df80                _Camera_focus
                0x0701dfec                _Camera_setFocusGameEntity
                0x0701e070                _Camera_unsetFocusEntity
                0x0701e084                _Camera_getFocusEntity
                0x0701e08c                _Camera_onFocusEntityDeleted
                0x0701e0a8                _Camera_move
                0x0701e160                _Camera_capPosition
                0x0701e1cc                _Camera_getPosition
                0x0701e1e8                _Camera_setPosition
                0x0701e280                _Camera_prepareForUITransform
                0x0701e2a8                _Camera_doneUITransform
                0x0701e2d0                _Camera_getOptical
                0x0701e2f4                _Camera_setOptical
                0x0701e334                _Camera_setFocusEntityPositionDisplacement
                0x0701e3bc                _Camera_getLastDisplacement
                0x0701e3d8                _Camera_getStageSize
                0x0701e3f4                _Camera_setStageSize
                0x0701e418                _Camera_forceDisplacement
                0x0701e440                _Camera_startEffect
                0x0701e468                _Camera_stopEffect
                0x0701e48c                _Camera_reset
                0x0701e4bc                _Camera_resetCameraFrustum
                0x0701e4d8                _Camera_setCameraFrustum
                0x0701e578                _Camera_getCameraFrustum
 .text          0x0701e59c      0xc7c build\libvuengine.a(Printing.o)
                0x0701e59c                _Printing_getBaseClass
                0x0701e5a8                _Printing_getClassName
                0x0701e5b4                _Printing_destructor
                0x0701e5f0                _Printing_setVTable
                0x0701e6c4                _Printing_getObjectSize
                0x0701e6cc                _Printing_checkVTable
                0x0701e8e8                _Printing_getInstance
                0x0701e910                _Printing_render
                0x0701e988                _Printing_reset
                0x0701e9dc                _Printing_loadFonts
                0x0701eae8                _Printing_loadDebugFont
                0x0701eb14                _Printing_setDebugMode
                0x0701eb40                _Printing_setPalette
                0x0701eb50                _Printing_clear
                0x0701eb94                _Printing_getFontByName
                0x0701ee54                _Printing_int
                0x0701ef04                _Printing_hex
                0x0701ef60                _Printing_text
                0x0701ef88                _Printing_float
                0x0701f114                _Printing_setWorldCoordinates
                0x0701f13c                _Printing_resetWorldCoordinates
                0x0701f144                _Printing_getPixelCount
                0x0701f164                _Printing_getTextSize
 .text          0x0701f218     0x1590 build\libvuengine.a(SpriteManager.o)
                0x0701f218                _SpriteManager_getBaseClass
                0x0701f224                _SpriteManager_getClassName
                0x0701f318                _SpriteManager_setVTable
                0x0701f3b0                _SpriteManager_getObjectSize
                0x0701f3b8                _SpriteManager_checkVTable
                0x0701f53c                _SpriteManager_reset
                0x0701f724                _SpriteManager_getInstance
                0x0701f74c                _SpriteManager_destructor
                0x0701f850                _SpriteManager_setupObjectSpriteContainers
                0x0701fbd4                _SpriteManager_createSprite
                0x0701fcdc                _SpriteManager_disposeSprite
                0x0701fd2c                _SpriteManager_disposeSprites
                0x0701fdd8                _SpriteManager_sortLayers
                0x0701fec4                _SpriteManager_sortLayersProgressively
                0x0701ffb8                _SpriteManager_renderLastLayer
                0x07020000                _SpriteManager_writeTextures
                0x0702006c                _SpriteManager_render
                0x070202cc                _SpriteManager_getFreeLayer
                0x070202d4                _SpriteManager_showLayer
                0x07020398                _SpriteManager_recoverLayers
                0x07020468                _SpriteManager_getSpriteAtLayer
                0x07020498                _SpriteManager_getTexturesMaximumRowsToWrite
                0x070204a0                _SpriteManager_setCyclesToWaitForTextureWriting
                0x070204a8                _SpriteManager_setTexturesMaximumRowsToWrite
                0x070204c0                _SpriteManager_deferParamTableEffects
                0x070204c8                _SpriteManager_getMaximumParamTableRowsToComputePerCall
                0x070204dc                _SpriteManager_setMaximumParamTableRowsToComputePerCall
                0x070204e4                _SpriteManager_print
 .text          0x070207a8     0x105c build\libvuengine.a(Sprite.o)
                0x070207a8                _Sprite_getBaseClass
                0x070207b4                _Sprite_getClassName
                0x070207c0                _Sprite_getScale
                0x070207d4                _Sprite_show
                0x070207dc                _Sprite_hide
                0x070207e4                _Sprite_position
                0x070207f8                _Sprite_setPosition
                0x0702080c                _Sprite_calculateParallax
                0x07020810                _Sprite_getWorldLayer
                0x07020818                _Sprite_writeTextures
                0x07020878                _Sprite_areTexturesWritten
                0x07020890                _Sprite_rotate
                0x07020894                _Sprite_writeAnimation
                0x07020898                _Sprite_applyAffineTransformations
                0x0702089c                _Sprite_applyHbiasEffects
                0x070208a0                _Sprite_resize
                0x070208d8                _Sprite_destructor
                0x070208ec                _Sprite_setVTable
                0x07020a2c                _Sprite_getObjectSize
                0x07020a34                _Sprite_checkVTable
                0x07020b18                _Sprite_constructor
                0x07020b98                _Sprite_getTexture
                0x07020ba0                _Sprite_isHidden
                0x07020ba8                _Sprite_getAnimationController
                0x07020bb0                _Sprite_setWorldLayer
                0x07020be0                _Sprite_getHead
                0x07020be8                _Sprite_getMode
                0x07020bf4                _Sprite_getWorldHead
                0x07020c14                _Sprite_getWorldGX
                0x07020c30                _Sprite_getWorldGY
                0x07020c4c                _Sprite_getWorldGP
                0x07020c68                _Sprite_getWorldMX
                0x07020c84                _Sprite_getWorldMY
                0x07020ca0                _Sprite_getWorldMP
                0x07020cbc                _Sprite_getWorldWidth
                0x07020cd8                _Sprite_getWorldHeight
                0x07020cf4                _Sprite_rewrite
                0x07020d1c                _Sprite_onTextureRewritten
                0x07020d58                _Sprite_getDisplacement
                0x07020d7c                _Sprite_getHalfWidth
                0x07020d84                _Sprite_getHalfHeight
                0x07020d8c                _Sprite_update
                0x07020e0c                _Sprite_isTransparent
                0x07020e18                _Sprite_setTransparent
                0x07020e44                _Sprite_updateAnimation
                0x07020e8c                _Sprite_pause
                0x07020eac                _Sprite_play
                0x07020ee4                _Sprite_isPlaying
                0x07020f0c                _Sprite_isPlayingFunction
                0x07020f34                _Sprite_setFrameCycleDecrement
                0x07020f54                _Sprite_getActualFrame
                0x07020f78                _Sprite_setActualFrame
                0x07020f98                _Sprite_nextFrame
                0x07020fcc                _Sprite_previousFrame
                0x07021000                _Sprite_getFrameDuration
                0x07021024                _Sprite_setFrameDuration
                0x07021044                _Sprite_isAffine
                0x07021050                _Sprite_isHBias
                0x0702105c                _Sprite_isObject
                0x07021070                _Sprite_print
                0x070217c0                _Sprite_putChar
                0x070217e4                _Sprite_putPixel
 .text          0x07021804      0x3dc build\libvuengine.a(AnimationCoordinator.o)
                0x07021804                _AnimationCoordinator_getBaseClass
                0x07021810                _AnimationCoordinator_getClassName
                0x0702181c                _AnimationCoordinator_destructor
                0x07021854                _AnimationCoordinator_setVTable
                0x070218f4                _AnimationCoordinator_getObjectSize
                0x070218fc                _AnimationCoordinator_checkVTable
                0x07021b20                _AnimationCoordinator_constructor
                0x07021b54                _AnimationCoordinator_getCharSetDefinition
                0x07021b5c                _AnimationCoordinator_playAnimation
 .text          0x07021be0      0x700 build\libvuengine.a(AnimationController.o)
                0x07021be0                _AnimationController_getBaseClass
                0x07021bec                _AnimationController_getClassName
                0x07021bf8                _AnimationController_destructor
                0x07021c34                _AnimationController_setVTable
                0x07021ccc                _AnimationController_getObjectSize
                0x07021cd4                _AnimationController_checkVTable
                0x07021e58                _AnimationController_new
                0x07021eec                _AnimationController_constructor
                0x07021f54                _AnimationController_getActualFrameIndex
                0x07021f70                _AnimationController_getActualFrame
                0x07021f78                _AnimationController_getPreviousFrame
                0x07021f80                _AnimationController_setActualFrame
                0x07021f88                _AnimationController_getFrameDuration
                0x07021f90                _AnimationController_setFrameDuration
                0x07021f98                _AnimationController_getFrameCycleDecrement
                0x07021fa0                _AnimationController_setFrameCycleDecrement
                0x07021fa8                _AnimationController_updateAnimation
                0x07022074                _AnimationController_playAnimationFunction
                0x070220e0                _AnimationController_getPlayingAnimationFunction
                0x070220f4                _AnimationController_play
                0x070221c8                _AnimationController_stop
                0x070221d8                _AnimationController_nextFrame
                0x07022230                _AnimationController_previousFrame
                0x07022288                _AnimationController_isPlayingFunction
                0x070222a8                _AnimationController_isPlaying
                0x070222b0                _AnimationController_pause
                0x070222cc                _AnimationController_getNumberOfFrames
 .text          0x070222e0      0x4dc build\libvuengine.a(AnimationCoordinatorFactory.o)
                0x070222e0                _AnimationCoordinatorFactory_getBaseClass
                0x070222ec                _AnimationCoordinatorFactory_getClassName
                0x070222f8                _AnimationCoordinatorFactory_setVTable
                0x070223bc                _AnimationCoordinatorFactory_destructor
                0x07022434                _AnimationCoordinatorFactory_getObjectSize
                0x07022438                _AnimationCoordinatorFactory_checkVTable
                0x07022654                _AnimationCoordinatorFactory_getInstance
                0x0702267c                _AnimationCoordinatorFactory_reset
                0x070226cc                _AnimationCoordinatorFactory_getCoordinator
 .text          0x070227bc      0xdd4 build\libvuengine.a(BgmapSprite.o)
                0x070227bc                _BgmapSprite_getBaseClass
                0x070227c8                _BgmapSprite_getClassName
                0x070227d4                _BgmapSprite_getScale
                0x070227f0                _BgmapSprite_getPosition
                0x07022814                _BgmapSprite_setPosition
                0x07022868                _BgmapSprite_position
                0x07022920                _BgmapSprite_resize
                0x07022a60                _BgmapSprite_addDisplacement
                0x07022a9c                _BgmapSprite_applyAffineTransformations
                0x07022aa4                _BgmapSprite_applyHbiasEffects
                0x07022b34                _BgmapSprite_calculateParallax
                0x07022b7c                _BgmapSprite_destructor
                0x07022bf0                _BgmapSprite_setVTable
                0x07022d60                _BgmapSprite_setMode
                0x07022dc0                _BgmapSprite_rotate
                0x07022eb4                _BgmapSprite_getObjectSize
                0x07022ebc                _BgmapSprite_checkVTable
                0x07022fa0                _BgmapSprite_constructor
                0x07023134                _BgmapSprite_new
                0x0702318c                _BgmapSprite_getDrawSpec
                0x070231b4                _BgmapSprite_processAffineEffects
                0x070232a4                _BgmapSprite_render
                0x07023484                _BgmapSprite_processHbiasEffects
                0x07023518                _BgmapSprite_getParam
                0x07023520                _BgmapSprite_setParam
                0x07023548                _BgmapSprite_invalidateParamTable
                0x0702356c                _BgmapSprite_setDrawSpec
                0x07023588                _BgmapSprite_getParamTableRow
 .text          0x07023590      0x9d0 build\libvuengine.a(ParamTableManager.o)
                0x07023590                _ParamTableManager_getBaseClass
                0x0702359c                _ParamTableManager_getClassName
                0x070235a8                _ParamTableManager_setVTable
                0x07023640                _ParamTableManager_destructor
                0x070236e0                _ParamTableManager_getObjectSize
                0x070236e8                _ParamTableManager_checkVTable
                0x0702386c                _ParamTableManager_constructor
                0x07023984                _ParamTableManager_getInstance
                0x070239ac                _ParamTableManager_reset
                0x07023a10                _ParamTableManager_calculateParamTableBase
                0x07023adc                _ParamTableManager_getParamTableBase
                0x07023ae4                _ParamTableManager_allocate
                0x07023c30                _ParamTableManager_free
                0x07023cf0                _ParamTableManager_defragmentProgressively
                0x07023e18                _ParamTableManager_print
 .text          0x07023f60      0x41c build\libvuengine.a(BgmapAnimationCoordinator.o)
                0x07023f60                _BgmapAnimationCoordinator_getBaseClass
                0x07023f6c                _BgmapAnimationCoordinator_getClassName
                0x07023f78                _BgmapAnimationCoordinator_removeAnimationController